ERROR Database connection failed
INFO Home page loaded
INFO Home page loaded
INFO User logged in
ERROR Database connection failed
ERROR Database connection failed
ERROR Database connection failed
ERROR Database connection failed
ERROR Database connection failed
ERROR Invalid credentials
ERROR Database connection failed
WARNING Disk usage high
WARNING Disk usage high
WARNING Disk usage high
INFO Home page loaded
WARNING Disk usage high
INFO Home page loaded
ERROR Database connection failed
WARNING Disk usage high
INFO Home page loaded
INFO User logged in
ERROR Invalid credentials
ERROR Invalid credentials
ERROR Database connection failed
INFO Home page loaded
INFO User logged in
INFO Home page loaded
INFO User logged in
ERROR Database connection failed
INFO User logged in
INFO Home page loaded
ERROR Invalid credentials
ERROR Database connection failed
INFO Home page loaded
INFO Home page loaded
INFO Home page loaded
INFO User logged in
ERROR Database connection failed
ERROR Database connection failed
ERROR Database connection failed
INFO User logged in
ERROR Invalid credentials
WARNING Disk usage high
ERROR Invalid credentials
ERROR Invalid credentials
INFO User logged in
ERROR Database connection failed
ERROR Invalid credentials
INFO Home page loaded
WARNING Disk usage high
ERROR Invalid credentials
INFO User logged in
INFO Home page loaded
INFO Home page loaded
INFO User logged in
WARNING Disk usage high
ERROR Invalid credentials
INFO User logged in
ERROR Database connection failed
WARNING Disk usage high
INFO Home page loaded
INFO User logged in
ERROR Invalid credentials
ERROR Database connection failed
INFO Home page loaded
WARNING Disk usage high
WARNING Disk usage high
WARNING Disk usage high
INFO Home page loaded
WARNING Disk usage high
ERROR Database connection failed
WARNING Disk usage high
ERROR Database connection failed
ERROR Invalid credentials
INFO User logged in
ERROR Database connection failed
ERROR Invalid credentials
WARNING Disk usage high
ERROR Invalid credentials
WARNING Disk usage high
INFO User logged in
ERROR Database connection failed
ERROR Database connection failed
INFO User logged in
ERROR Database connection failed
INFO User logged in
ERROR Database connection failed
WARNING Disk usage high
INFO Home page loaded
INFO User logged in
ERROR Database connection failed
ERROR Database connection failed
WARNING Disk usage high
INFO User logged in
WARNING Disk usage high
INFO User logged in
WARNING Disk usage high
INFO User logged in
ERROR Database connection failed
INFO User logged in
